Archive member included because of file (symbol)

../../BSP/Debug\libBSP.a(netutils.o)
                              ./proyecto.o (memcpy)
../../BSP/Debug\libBSP.a(keypad.o)
                              ./proyecto.o (keypad_scan)
../../BSP/Debug\libBSP.a(lcd.o)
                              ./proyecto.o (lcd_init)
../../BSP/Debug\libBSP.a(leds.o)
                              ./proyecto.o (leds_init)
../../BSP/Debug\libBSP.a(power.o)
                              ../../BSP/Debug\libBSP.a(keypad.o) (power_on)
../../BSP/Debug\libBSP.a(rtc.o)
                              ./proyecto.o (rtc_init)
../../BSP/Debug\libBSP.a(segs.o)
                              ./proyecto.o (segs_init)
../../BSP/Debug\libBSP.a(system.o)
                              ./proyecto.o (sys_init)
../../BSP/Debug\libBSP.a(timers.o)
                              ./proyecto.o (timers_init)
../../BSP/Debug\libBSP.a(ts.o)
                              ./proyecto.o (ts_on)
../../BSP/Debug\libBSP.a(uart.o)
                              ./proyecto.o (uart0_init)
../../BSP/Debug\libBSP.a(adc.o)
                              ../../BSP/Debug\libBSP.a(ts.o) (adc_on)
../../BSP/Debug\libBSP.a(font8x16.o)
                              ../../BSP/Debug\libBSP.a(lcd.o) (font)
c:/users/march/pysd_programas/eclipsearm/sourcery-g++-lite-arm-2011.03/bin/../lib/gcc/arm-none-eabi/4.5.2\libgcc.a(_udivsi3.o)
                              ./Extra_Fuctions.o (__aeabi_uidiv)
c:/users/march/pysd_programas/eclipsearm/sourcery-g++-lite-arm-2011.03/bin/../lib/gcc/arm-none-eabi/4.5.2\libgcc.a(_divsi3.o)
                              ../../BSP/Debug\libBSP.a(ts.o) (__aeabi_idiv)
c:/users/march/pysd_programas/eclipsearm/sourcery-g++-lite-arm-2011.03/bin/../lib/gcc/arm-none-eabi/4.5.2\libgcc.a(_dvmd_tls.o)
                              c:/users/march/pysd_programas/eclipsearm/sourcery-g++-lite-arm-2011.03/bin/../lib/gcc/arm-none-eabi/4.5.2\libgcc.a(_udivsi3.o) (__aeabi_idiv0)
c:/users/march/pysd_programas/eclipsearm/sourcery-g++-lite-arm-2011.03/bin/../lib/gcc/arm-none-eabi/4.5.2\libgcc.a(_aeabi_uldivmod.o)
                              ../../BSP/Debug\libBSP.a(timers.o) (__aeabi_uldivmod)
c:/users/march/pysd_programas/eclipsearm/sourcery-g++-lite-arm-2011.03/bin/../lib/gcc/arm-none-eabi/4.5.2\libgcc.a(bpabi.o)
                              c:/users/march/pysd_programas/eclipsearm/sourcery-g++-lite-arm-2011.03/bin/../lib/gcc/arm-none-eabi/4.5.2\libgcc.a(_aeabi_uldivmod.o) (__gnu_uldivmod_helper)
c:/users/march/pysd_programas/eclipsearm/sourcery-g++-lite-arm-2011.03/bin/../lib/gcc/arm-none-eabi/4.5.2\libgcc.a(_divdi3.o)
                              c:/users/march/pysd_programas/eclipsearm/sourcery-g++-lite-arm-2011.03/bin/../lib/gcc/arm-none-eabi/4.5.2\libgcc.a(bpabi.o) (__divdi3)
c:/users/march/pysd_programas/eclipsearm/sourcery-g++-lite-arm-2011.03/bin/../lib/gcc/arm-none-eabi/4.5.2\libgcc.a(_udivdi3.o)
                              c:/users/march/pysd_programas/eclipsearm/sourcery-g++-lite-arm-2011.03/bin/../lib/gcc/arm-none-eabi/4.5.2\libgcc.a(bpabi.o) (__udivdi3)
c:/users/march/pysd_programas/eclipsearm/sourcery-g++-lite-arm-2011.03/bin/../lib/gcc/arm-none-eabi/4.5.2\libgcc.a(_clzsi2.o)
                              c:/users/march/pysd_programas/eclipsearm/sourcery-g++-lite-arm-2011.03/bin/../lib/gcc/arm-none-eabi/4.5.2\libgcc.a(_divdi3.o) (__clzsi2)

Allocating common symbols
Common symbol       size              file

actual_time         0x7               ./proyecto.o
tsPressedMsg        0x6               ./proyecto.o
selectedPlace       0x1               ./proyecto.o
coinAcceptorMsg     0x2               ./proyecto.o
coinsMoverMsg       0x2               ./proyecto.o
parking             0x78              ./proyecto.o
printTicketFlag     0x1               ./proyecto.o

Memory Configuration

Name             Origin             Length             Attributes
*default*        0x00000000         0xffffffff

Linker script and memory map

LOAD ./Extra_Fuctions.o
LOAD ./kernelcoop.o
LOAD ./proyecto.o
LOAD ../../BSP/Debug\libBSP.a
START GROUP
LOAD c:/users/march/pysd_programas/eclipsearm/sourcery-g++-lite-arm-2011.03/bin/../lib/gcc/arm-none-eabi/4.5.2\libgcc.a
LOAD c:/users/march/pysd_programas/eclipsearm/sourcery-g++-lite-arm-2011.03/bin/../lib/gcc/arm-none-eabi/4.5.2/../../../../arm-none-eabi/lib\libc.a
END GROUP
                0x0c100000                . = 0xc100000
                0x0c100000                _image_start = .
                0x0c100000                _code_start = .

.text           0x0c100000     0xa17c
 *(.text)
 .text          0x0c100000      0x6f8 ./Extra_Fuctions.o
                0x0c100000                calculate_weekday
                0x0c1000b0                dates_comparator
                0x0c1001ec                reset_rtc_time
                0x0c100260                adjust_rtc_time
                0x0c100618                apply_credits
 .text          0x0c1006f8      0x388 ./kernelcoop.o
                0x0c1006f8                delete_task
                0x0c10078c                create_task
                0x0c100870                scheduler_init
                0x0c1008b8                scheduler
                0x0c1009e4                dispacher
 .text          0x0c100a80     0x1b30 ./proyecto.o
                0x0c100a80                main
                0x0c100b3c                mainTask
                0x0c1011ac                ticketPrinterTask
                0x0c101388                clockTask
                0x0c101614                tsScanTask
                0x0c10171c                coinsAcceptorTask
                0x0c101880                coinsMoverTask
                0x0c1019b0                setup
                0x0c101c30                plotWelcomeScreen
                0x0c101d2c                drawParkingGrid
                0x0c102080                checkSelectedPlace
                0x0c102158                showPlaceOccupiedMessage
                0x0c102380                showTariffScreen
 .text          0x0c1025b0     0x1268 ../../BSP/Debug\libBSP.a(netutils.o)
                0x0c1025b0                memcpy
                0x0c10261c                memset
                0x0c10267c                memcmp
                0x0c10270c                random
                0x0c1027bc                checksum
                0x0c1028b4                uart0_putMac
                0x0c102978                uart0_putIp
                0x0c1029f8                uart0_putEthHeader
                0x0c102a98                uart0_putArpHeader
                0x0c102d7c                uart0_putIpHeader
                0x0c103264                uart0_putIcmpHeader
                0x0c103318                uart0_putUdpHeader
                0x0c1034a8                uart0_putFrame
 .text          0x0c103818      0x590 ../../BSP/Debug\libBSP.a(keypad.o)
                0x0c103818                keypad_scan
                0x0c103a3c                keypad_pressed
                0x0c103a78                keypad_getchartime
                0x0c103b20                keypad_timeout_getchar
                0x0c103c10                keypad_open
                0x0c103c68                keypad_close
                0x0c103cac                keypad_init
                0x0c103d34                keypad_getchar
 .text          0x0c103da8     0x13e4 ../../BSP/Debug\libBSP.a(lcd.o)
                0x0c103da8                lcd_init
                0x0c103f58                lcd_on
                0x0c103f94                lcd_off
                0x0c103fd0                lcd_status
                0x0c103ff8                lcd_clear
                0x0c104058                lcd_putpixel
                0x0c104144                lcd_getpixel
                0x0c1041e0                lcd_draw_hline
                0x0c104338                lcd_draw_vline
                0x0c104490                lcd_draw_box
                0x0c104588                lcd_putchar
                0x0c104804                lcd_puts
                0x0c104878                lcd_putint
                0x0c1049f4                lcd_puthex
                0x0c104ad4                lcd_putchar_x2
                0x0c104d60                lcd_puts_x2
                0x0c104dd4                lcd_putint_x2
                0x0c104f50                lcd_puthex_x2
                0x0c105030                lcd_putWallpaper
 .text          0x0c10518c      0x168 ../../BSP/Debug\libBSP.a(leds.o)
                0x0c10518c                leds_init
                0x0c1051d4                led_on
                0x0c10521c                led_off
                0x0c105260                led_toggle
                0x0c1052a4                led_status
 .text          0x0c1052f4      0x214 ../../BSP/Debug\libBSP.a(power.o)
                0x0c1052f4                power_on
                0x0c1053d4                power_off
                0x0c1054b8                power_status
 .text          0x0c105508      0x92c ../../BSP/Debug\libBSP.a(rtc.o)
                0x0c105508                rtc_init
                0x0c10564c                rtc_puttime
                0x0c105904                rtc_gettime
                0x0c105d6c                rtc_open
                0x0c105de0                rtc_close
 .text          0x0c105e34       0xf4 ../../BSP/Debug\libBSP.a(segs.o)
                0x0c105e34                segs_init
                0x0c105e70                segs_off
                0x0c105ea8                segs_putchar
                0x0c105f00                segs_status
 .text          0x0c105f28     0x1818 ../../BSP/Debug\libBSP.a(system.o)
                0x0c105f28                sys_init
                0x0c106804                isr_SWI_dummy
                0x0c106844                isr_UNDEF_dummy
                0x0c106884                isr_IRQ_dummy
                0x0c1068cc                isr_FIQ_dummy
                0x0c106914                isr_PABORT_dummy
                0x0c10695c                isr_DABORT_dummy
                0x0c1069a4                isr_ADC_dummy
                0x0c1069ec                isr_RTC_dummy
                0x0c106a34                isr_UTXD1_dummy
                0x0c106a7c                isr_UTXD0_dummy
                0x0c106ac4                isr_SIO_dummy
                0x0c106b0c                isr_IIC_dummy
                0x0c106b54                isr_URXD1_dummy
                0x0c106b9c                isr_URXD0_dummy
                0x0c106be4                isr_TIMER5_dummy
                0x0c106c2c                isr_TIMER4_dummy
                0x0c106c74                isr_TIMER3_dummy
                0x0c106cbc                isr_TIMER2_dummy
                0x0c106d04                isr_TIMER1_dummy
                0x0c106d4c                isr_TIMER0_dummy
                0x0c106d94                isr_UERR01_dummy
                0x0c106ddc                isr_WDT_dummy
                0x0c106e24                isr_BDMA1_dummy
                0x0c106e6c                isr_BDMA0_dummy
                0x0c106eb4                isr_ZDMA1_dummy
                0x0c106efc                isr_ZDMA0_dummy
                0x0c106f44                isr_TICK_dummy
                0x0c106f8c                isr_PB_dummy
                0x0c106fd4                isr_ETHERNET_dummy
                0x0c10701c                isr_TS_dummy
                0x0c107064                isr_KEYPAD_dummy
                0x0c1070ac                isr_USB_dummy
                0x0c10759c                getmem
                0x0c1076fc                sleep
 .text          0x0c107740      0xad4 ../../BSP/Debug\libBSP.a(timers.o)
                0x0c107740                timers_init
                0x0c107908                timer3_delay_ms
                0x0c107a08                sw_delay_ms
                0x0c107a60                timer3_delay_s
                0x0c107b5c                sw_delay_s
                0x0c107bb4                timer3_start
                0x0c107c90                timer3_stop
                0x0c107ce4                timer3_start_timeout
                0x0c107dc8                timer3_timeout
                0x0c107e04                timer0_open_tick
                0x0c10805c                timer0_open_ms
                0x0c108180                timer0_close
 .text          0x0c108214      0xab8 ../../BSP/Debug\libBSP.a(ts.o)
                0x0c108214                ts_on
                0x0c108240                ts_off
                0x0c10826c                ts_status
                0x0c108294                ts_pressed
                0x0c1086c0                ts_getpostime
                0x0c10878c                ts_timeout_getpos
                0x0c108ad0                ts_open
                0x0c108b28                ts_close
                0x0c108b6c                ts_init
                0x0c108c34                ts_getpos
 .text          0x0c108ccc      0x5e8 ../../BSP/Debug\libBSP.a(uart.o)
                0x0c108ccc                uart0_init
                0x0c108d6c                uart0_putchar
                0x0c108dbc                uart0_getchar
                0x0c108e0c                uart0_puts
                0x0c108e5c                uart0_putint
                0x0c108fb0                uart0_puthex
                0x0c109068                uart0_gets
                0x0c1090c8                uart0_getint
                0x0c1091a0                uart0_gethex
 .text          0x0c1092b4      0x288 ../../BSP/Debug\libBSP.a(adc.o)
                0x0c1092b4                adc_on
                0x0c109300                adc_off
                0x0c109344                adc_status
                0x0c10936c                adc_open
                0x0c1093c4                adc_close
                0x0c109408                adc_init
                0x0c10944c                adc_getSample
 .text          0x0c10953c        0x0 ../../BSP/Debug\libBSP.a(font8x16.o)
 .text          0x0c10953c      0x114 c:/users/march/pysd_programas/eclipsearm/sourcery-g++-lite-arm-2011.03/bin/../lib/gcc/arm-none-eabi/4.5.2\libgcc.a(_udivsi3.o)
                0x0c10953c                __aeabi_uidiv
                0x0c10953c                __udivsi3
                0x0c109630                __aeabi_uidivmod
 .text          0x0c109650      0x148 c:/users/march/pysd_programas/eclipsearm/sourcery-g++-lite-arm-2011.03/bin/../lib/gcc/arm-none-eabi/4.5.2\libgcc.a(_divsi3.o)
                0x0c109650                __divsi3
                0x0c109650                __aeabi_idiv
                0x0c109778                __aeabi_idivmod
 .text          0x0c109798        0x4 c:/users/march/pysd_programas/eclipsearm/sourcery-g++-lite-arm-2011.03/bin/../lib/gcc/arm-none-eabi/4.5.2\libgcc.a(_dvmd_tls.o)
                0x0c109798                __aeabi_idiv0
                0x0c109798                __aeabi_ldiv0
 .text          0x0c10979c       0x3c c:/users/march/pysd_programas/eclipsearm/sourcery-g++-lite-arm-2011.03/bin/../lib/gcc/arm-none-eabi/4.5.2\libgcc.a(_aeabi_uldivmod.o)
                0x0c10979c                __aeabi_uldivmod
 .text          0x0c1097d8       0x80 c:/users/march/pysd_programas/eclipsearm/sourcery-g++-lite-arm-2011.03/bin/../lib/gcc/arm-none-eabi/4.5.2\libgcc.a(bpabi.o)
                0x0c1097d8                __gnu_ldivmod_helper
                0x0c109818                __gnu_uldivmod_helper
 .text          0x0c109858      0x4a8 c:/users/march/pysd_programas/eclipsearm/sourcery-g++-lite-arm-2011.03/bin/../lib/gcc/arm-none-eabi/4.5.2\libgcc.a(_divdi3.o)
                0x0c109858                __divdi3
 .text          0x0c109d00      0x434 c:/users/march/pysd_programas/eclipsearm/sourcery-g++-lite-arm-2011.03/bin/../lib/gcc/arm-none-eabi/4.5.2\libgcc.a(_udivdi3.o)
                0x0c109d00                __udivdi3
 .text          0x0c10a134       0x48 c:/users/march/pysd_programas/eclipsearm/sourcery-g++-lite-arm-2011.03/bin/../lib/gcc/arm-none-eabi/4.5.2\libgcc.a(_clzsi2.o)
                0x0c10a134                __clzsi2
                0x0c10a17c                _code_end = .
                0x0000a17c                _code_size = SIZEOF (.text)
                0x0c10a17c                _data_start = .

.glue_7         0x0c10a17c        0x0
 .glue_7        0x00000000        0x0 linker stubs

.glue_7t        0x0c10a17c        0x0
 .glue_7t       0x00000000        0x0 linker stubs

.vfp11_veneer   0x0c10a17c        0x0
 .vfp11_veneer  0x00000000        0x0 linker stubs

.v4_bx          0x0c10a17c        0x0
 .v4_bx         0x00000000        0x0 linker stubs

.rodata         0x0c10a17c     0x1c70
 *(.rodata)
 .rodata        0x0c10a17c       0x28 ./Extra_Fuctions.o
 .rodata        0x0c10a1a4      0x2d4 ./proyecto.o
 .rodata        0x0c10a478      0x1dc ../../BSP/Debug\libBSP.a(netutils.o)
 .rodata        0x0c10a654       0x10 ../../BSP/Debug\libBSP.a(segs.o)
 .rodata        0x0c10a664      0x6e8 ../../BSP/Debug\libBSP.a(system.o)
 .rodata        0x0c10ad4c       0xa0 ../../BSP/Debug\libBSP.a(ts.o)
 .rodata        0x0c10adec     0x1000 ../../BSP/Debug\libBSP.a(font8x16.o)
                0x0c10adec                font

.ARM.extab      0x0c10bdec        0x0
 .ARM.extab     0x0c10bdec        0x0 c:/users/march/pysd_programas/eclipsearm/sourcery-g++-lite-arm-2011.03/bin/../lib/gcc/arm-none-eabi/4.5.2\libgcc.a(_divdi3.o)
 .ARM.extab     0x0c10bdec        0x0 c:/users/march/pysd_programas/eclipsearm/sourcery-g++-lite-arm-2011.03/bin/../lib/gcc/arm-none-eabi/4.5.2\libgcc.a(_udivdi3.o)

.ARM.exidx      0x0c10bdec        0x8
 .ARM.exidx     0x0c10bdec        0x8 c:/users/march/pysd_programas/eclipsearm/sourcery-g++-lite-arm-2011.03/bin/../lib/gcc/arm-none-eabi/4.5.2\libgcc.a(_divdi3.o)
 .ARM.exidx     0x0c10bdf4        0x0 c:/users/march/pysd_programas/eclipsearm/sourcery-g++-lite-arm-2011.03/bin/../lib/gcc/arm-none-eabi/4.5.2\libgcc.a(_udivdi3.o)
                                  0x8 (size before relaxing)

.data           0x0c10bdf4       0x14
 *(.data)
 .data          0x0c10bdf4        0x0 ./Extra_Fuctions.o
 .data          0x0c10bdf4        0x0 ./kernelcoop.o
 .data          0x0c10bdf4        0x4 ./proyecto.o
 .data          0x0c10bdf8        0x0 ../../BSP/Debug\libBSP.a(netutils.o)
 .data          0x0c10bdf8        0x0 ../../BSP/Debug\libBSP.a(keypad.o)
 .data          0x0c10bdf8        0x0 ../../BSP/Debug\libBSP.a(lcd.o)
 .data          0x0c10bdf8        0x0 ../../BSP/Debug\libBSP.a(leds.o)
 .data          0x0c10bdf8        0x0 ../../BSP/Debug\libBSP.a(power.o)
 .data          0x0c10bdf8        0x0 ../../BSP/Debug\libBSP.a(rtc.o)
 .data          0x0c10bdf8        0x0 ../../BSP/Debug\libBSP.a(segs.o)
 .data          0x0c10bdf8       0x10 ../../BSP/Debug\libBSP.a(system.o)
                0x0c10be00                mclk
 .data          0x0c10be08        0x0 ../../BSP/Debug\libBSP.a(timers.o)
 .data          0x0c10be08        0x0 ../../BSP/Debug\libBSP.a(ts.o)
 .data          0x0c10be08        0x0 ../../BSP/Debug\libBSP.a(uart.o)
 .data          0x0c10be08        0x0 ../../BSP/Debug\libBSP.a(adc.o)
 .data          0x0c10be08        0x0 ../../BSP/Debug\libBSP.a(font8x16.o)
 .data          0x0c10be08        0x0 c:/users/march/pysd_programas/eclipsearm/sourcery-g++-lite-arm-2011.03/bin/../lib/gcc/arm-none-eabi/4.5.2\libgcc.a(_udivsi3.o)
 .data          0x0c10be08        0x0 c:/users/march/pysd_programas/eclipsearm/sourcery-g++-lite-arm-2011.03/bin/../lib/gcc/arm-none-eabi/4.5.2\libgcc.a(_divsi3.o)
 .data          0x0c10be08        0x0 c:/users/march/pysd_programas/eclipsearm/sourcery-g++-lite-arm-2011.03/bin/../lib/gcc/arm-none-eabi/4.5.2\libgcc.a(_dvmd_tls.o)
 .data          0x0c10be08        0x0 c:/users/march/pysd_programas/eclipsearm/sourcery-g++-lite-arm-2011.03/bin/../lib/gcc/arm-none-eabi/4.5.2\libgcc.a(_aeabi_uldivmod.o)
 .data          0x0c10be08        0x0 c:/users/march/pysd_programas/eclipsearm/sourcery-g++-lite-arm-2011.03/bin/../lib/gcc/arm-none-eabi/4.5.2\libgcc.a(bpabi.o)
 .data          0x0c10be08        0x0 c:/users/march/pysd_programas/eclipsearm/sourcery-g++-lite-arm-2011.03/bin/../lib/gcc/arm-none-eabi/4.5.2\libgcc.a(_divdi3.o)
 .data          0x0c10be08        0x0 c:/users/march/pysd_programas/eclipsearm/sourcery-g++-lite-arm-2011.03/bin/../lib/gcc/arm-none-eabi/4.5.2\libgcc.a(_udivdi3.o)
 .data          0x0c10be08        0x0 c:/users/march/pysd_programas/eclipsearm/sourcery-g++-lite-arm-2011.03/bin/../lib/gcc/arm-none-eabi/4.5.2\libgcc.a(_clzsi2.o)

.lcdbuffer      0x0c10be08     0x9600
 .lcdbuffer     0x0c10be08     0x9600 ../../BSP/Debug\libBSP.a(lcd.o)
                0x0c10be08                lcd_buffer

.bss            0x0c115408      0x191
 *(.bss)
 .bss           0x0c115408        0x0 ./Extra_Fuctions.o
 .bss           0x0c115408       0xa0 ./kernelcoop.o
 .bss           0x0c1154a8       0x10 ./proyecto.o
 .bss           0x0c1154b8        0x4 ../../BSP/Debug\libBSP.a(netutils.o)
 .bss           0x0c1154bc        0x0 ../../BSP/Debug\libBSP.a(keypad.o)
 .bss           0x0c1154bc       0x34 ../../BSP/Debug\libBSP.a(lcd.o)
 .bss           0x0c1154f0        0x0 ../../BSP/Debug\libBSP.a(leds.o)
 .bss           0x0c1154f0        0x0 ../../BSP/Debug\libBSP.a(power.o)
 .bss           0x0c1154f0        0x0 ../../BSP/Debug\libBSP.a(rtc.o)
 .bss           0x0c1154f0        0x1 ../../BSP/Debug\libBSP.a(segs.o)
 .bss           0x0c1154f1        0x0 ../../BSP/Debug\libBSP.a(system.o)
 *fill*         0x0c1154f1        0x3 00
 .bss           0x0c1154f4        0x8 ../../BSP/Debug\libBSP.a(timers.o)
 .bss           0x0c1154fc        0xa ../../BSP/Debug\libBSP.a(ts.o)
 .bss           0x0c115506        0x0 ../../BSP/Debug\libBSP.a(uart.o)
 .bss           0x0c115506        0x1 ../../BSP/Debug\libBSP.a(adc.o)
 .bss           0x0c115507        0x0 ../../BSP/Debug\libBSP.a(font8x16.o)
 .bss           0x0c115507        0x0 c:/users/march/pysd_programas/eclipsearm/sourcery-g++-lite-arm-2011.03/bin/../lib/gcc/arm-none-eabi/4.5.2\libgcc.a(_udivsi3.o)
 .bss           0x0c115507        0x0 c:/users/march/pysd_programas/eclipsearm/sourcery-g++-lite-arm-2011.03/bin/../lib/gcc/arm-none-eabi/4.5.2\libgcc.a(_divsi3.o)
 .bss           0x0c115507        0x0 c:/users/march/pysd_programas/eclipsearm/sourcery-g++-lite-arm-2011.03/bin/../lib/gcc/arm-none-eabi/4.5.2\libgcc.a(_dvmd_tls.o)
 .bss           0x0c115507        0x0 c:/users/march/pysd_programas/eclipsearm/sourcery-g++-lite-arm-2011.03/bin/../lib/gcc/arm-none-eabi/4.5.2\libgcc.a(_aeabi_uldivmod.o)
 .bss           0x0c115507        0x0 c:/users/march/pysd_programas/eclipsearm/sourcery-g++-lite-arm-2011.03/bin/../lib/gcc/arm-none-eabi/4.5.2\libgcc.a(bpabi.o)
 .bss           0x0c115507        0x0 c:/users/march/pysd_programas/eclipsearm/sourcery-g++-lite-arm-2011.03/bin/../lib/gcc/arm-none-eabi/4.5.2\libgcc.a(_divdi3.o)
 .bss           0x0c115507        0x0 c:/users/march/pysd_programas/eclipsearm/sourcery-g++-lite-arm-2011.03/bin/../lib/gcc/arm-none-eabi/4.5.2\libgcc.a(_udivdi3.o)
 .bss           0x0c115507        0x0 c:/users/march/pysd_programas/eclipsearm/sourcery-g++-lite-arm-2011.03/bin/../lib/gcc/arm-none-eabi/4.5.2\libgcc.a(_clzsi2.o)
 *fill*         0x0c115507        0x1 00
 COMMON         0x0c115508       0x91 ./proyecto.o
                0x0c115508                actual_time
                0x0c115510                tsPressedMsg
                0x0c115516                selectedPlace
                0x0c115518                coinAcceptorMsg
                0x0c11551c                coinsMoverMsg
                0x0c115520                parking
                0x0c115598                printTicketFlag
                0x0c115599                _data_end = .
                0x0c115599                _image_end = .
                0x00001e15                _data_size = ((SIZEOF (.rodata) + SIZEOF (.data)) + SIZEOF (.bss))
                0x0000bf91                _total_size = (_code_size + _data_size)
                0x0c115599                end = .
OUTPUT(proyecto.elf elf32-littlearm)

.debug_abbrev   0x00000000      0xee9
 .debug_abbrev  0x00000000       0xf2 ./Extra_Fuctions.o
 .debug_abbrev  0x000000f2       0xe3 ./kernelcoop.o
 .debug_abbrev  0x000001d5      0x196 ./proyecto.o
 .debug_abbrev  0x0000036b      0x108 ../../BSP/Debug\libBSP.a(netutils.o)
 .debug_abbrev  0x00000473       0xe9 ../../BSP/Debug\libBSP.a(keypad.o)
 .debug_abbrev  0x0000055c      0x16f ../../BSP/Debug\libBSP.a(lcd.o)
 .debug_abbrev  0x000006cb       0x8b ../../BSP/Debug\libBSP.a(leds.o)
 .debug_abbrev  0x00000756       0x76 ../../BSP/Debug\libBSP.a(power.o)
 .debug_abbrev  0x000007cc       0xbe ../../BSP/Debug\libBSP.a(rtc.o)
 .debug_abbrev  0x0000088a       0xb3 ../../BSP/Debug\libBSP.a(segs.o)
 .debug_abbrev  0x0000093d      0x186 ../../BSP/Debug\libBSP.a(system.o)
 .debug_abbrev  0x00000ac3       0xee ../../BSP/Debug\libBSP.a(timers.o)
 .debug_abbrev  0x00000bb1       0xe7 ../../BSP/Debug\libBSP.a(ts.o)
 .debug_abbrev  0x00000c98      0x11c ../../BSP/Debug\libBSP.a(uart.o)
 .debug_abbrev  0x00000db4       0xd2 ../../BSP/Debug\libBSP.a(adc.o)
 .debug_abbrev  0x00000e86       0x63 ../../BSP/Debug\libBSP.a(font8x16.o)

.debug_info     0x00000000     0x31ff
 .debug_info    0x00000000      0x24e ./Extra_Fuctions.o
 .debug_info    0x0000024e      0x1d0 ./kernelcoop.o
 .debug_info    0x0000041e      0x631 ./proyecto.o
 .debug_info    0x00000a4f      0x613 ../../BSP/Debug\libBSP.a(netutils.o)
 .debug_info    0x00001062      0x1c2 ../../BSP/Debug\libBSP.a(keypad.o)
 .debug_info    0x00001224      0x75d ../../BSP/Debug\libBSP.a(lcd.o)
 .debug_info    0x00001981      0x12d ../../BSP/Debug\libBSP.a(leds.o)
 .debug_info    0x00001aae       0xf0 ../../BSP/Debug\libBSP.a(power.o)
 .debug_info    0x00001b9e      0x1ac ../../BSP/Debug\libBSP.a(rtc.o)
 .debug_info    0x00001d4a      0x118 ../../BSP/Debug\libBSP.a(segs.o)
 .debug_info    0x00001e62      0x8d5 ../../BSP/Debug\libBSP.a(system.o)
 .debug_info    0x00002737      0x2b7 ../../BSP/Debug\libBSP.a(timers.o)
 .debug_info    0x000029ee      0x347 ../../BSP/Debug\libBSP.a(ts.o)
 .debug_info    0x00002d35      0x2bf ../../BSP/Debug\libBSP.a(uart.o)
 .debug_info    0x00002ff4      0x176 ../../BSP/Debug\libBSP.a(adc.o)
 .debug_info    0x0000316a       0x95 ../../BSP/Debug\libBSP.a(font8x16.o)

.debug_line     0x00000000     0x16a0
 .debug_line    0x00000000      0x133 ./Extra_Fuctions.o
 .debug_line    0x00000133       0xd3 ./kernelcoop.o
 .debug_line    0x00000206      0x36e ./proyecto.o
 .debug_line    0x00000574      0x22a ../../BSP/Debug\libBSP.a(netutils.o)
 .debug_line    0x0000079e      0x153 ../../BSP/Debug\libBSP.a(keypad.o)
 .debug_line    0x000008f1      0x298 ../../BSP/Debug\libBSP.a(lcd.o)
 .debug_line    0x00000b89       0x94 ../../BSP/Debug\libBSP.a(leds.o)
 .debug_line    0x00000c1d       0x99 ../../BSP/Debug\libBSP.a(power.o)
 .debug_line    0x00000cb6       0xfa ../../BSP/Debug\libBSP.a(rtc.o)
 .debug_line    0x00000db0       0xa0 ../../BSP/Debug\libBSP.a(segs.o)
 .debug_line    0x00000e50      0x280 ../../BSP/Debug\libBSP.a(system.o)
 .debug_line    0x000010d0      0x194 ../../BSP/Debug\libBSP.a(timers.o)
 .debug_line    0x00001264      0x1a5 ../../BSP/Debug\libBSP.a(ts.o)
 .debug_line    0x00001409      0x15a ../../BSP/Debug\libBSP.a(uart.o)
 .debug_line    0x00001563       0xe7 ../../BSP/Debug\libBSP.a(adc.o)
 .debug_line    0x0000164a       0x56 ../../BSP/Debug\libBSP.a(font8x16.o)

.debug_macinfo  0x00000000    0x458f4
 .debug_macinfo
                0x00000000     0x2363 ./Extra_Fuctions.o
 .debug_macinfo
                0x00002363     0x4326 ./kernelcoop.o
 .debug_macinfo
                0x00006689     0x5586 ./proyecto.o
 .debug_macinfo
                0x0000bc0f     0x29bf ../../BSP/Debug\libBSP.a(netutils.o)
 .debug_macinfo
                0x0000e5ce     0x50a2 ../../BSP/Debug\libBSP.a(keypad.o)
 .debug_macinfo
                0x00013670     0x44c8 ../../BSP/Debug\libBSP.a(lcd.o)
 .debug_macinfo
                0x00017b38     0x43c5 ../../BSP/Debug\libBSP.a(leds.o)
 .debug_macinfo
                0x0001befd     0x4394 ../../BSP/Debug\libBSP.a(power.o)
 .debug_macinfo
                0x00020291     0x4e01 ../../BSP/Debug\libBSP.a(rtc.o)
 .debug_macinfo
                0x00025092     0x4d9a ../../BSP/Debug\libBSP.a(segs.o)
 .debug_macinfo
                0x00029e2c     0x567c ../../BSP/Debug\libBSP.a(system.o)
 .debug_macinfo
                0x0002f4a8     0x4db4 ../../BSP/Debug\libBSP.a(timers.o)
 .debug_macinfo
                0x0003425c     0x501a ../../BSP/Debug\libBSP.a(ts.o)
 .debug_macinfo
                0x00039276     0x539e ../../BSP/Debug\libBSP.a(uart.o)
 .debug_macinfo
                0x0003e614     0x4fa7 ../../BSP/Debug\libBSP.a(adc.o)
 .debug_macinfo
                0x000435bb     0x2339 ../../BSP/Debug\libBSP.a(font8x16.o)

.debug_loc      0x00000000     0x1bd8
 .debug_loc     0x00000000       0xdc ./Extra_Fuctions.o
 .debug_loc     0x000000dc       0xdc ./kernelcoop.o
 .debug_loc     0x000001b8      0x23c ./proyecto.o
 .debug_loc     0x000003f4      0x23c ../../BSP/Debug\libBSP.a(netutils.o)
 .debug_loc     0x00000630      0x160 ../../BSP/Debug\libBSP.a(keypad.o)
 .debug_loc     0x00000790      0x344 ../../BSP/Debug\libBSP.a(lcd.o)
 .debug_loc     0x00000ad4       0xdc ../../BSP/Debug\libBSP.a(leds.o)
 .debug_loc     0x00000bb0       0x84 ../../BSP/Debug\libBSP.a(power.o)
 .debug_loc     0x00000c34       0xdc ../../BSP/Debug\libBSP.a(rtc.o)
 .debug_loc     0x00000d10       0xb0 ../../BSP/Debug\libBSP.a(segs.o)
 .debug_loc     0x00000dc0      0x6e0 ../../BSP/Debug\libBSP.a(system.o)
 .debug_loc     0x000014a0      0x23c ../../BSP/Debug\libBSP.a(timers.o)
 .debug_loc     0x000016dc      0x23c ../../BSP/Debug\libBSP.a(ts.o)
 .debug_loc     0x00001918      0x18c ../../BSP/Debug\libBSP.a(uart.o)
 .debug_loc     0x00001aa4      0x134 ../../BSP/Debug\libBSP.a(adc.o)

.debug_pubnames
                0x00000000      0xbed
 .debug_pubnames
                0x00000000       0x76 ./Extra_Fuctions.o
 .debug_pubnames
                0x00000076       0x61 ./kernelcoop.o
 .debug_pubnames
                0x000000d7      0x17a ./proyecto.o
 .debug_pubnames
                0x00000251       0xf2 ../../BSP/Debug\libBSP.a(netutils.o)
 .debug_pubnames
                0x00000343       0xab ../../BSP/Debug\libBSP.a(keypad.o)
 .debug_pubnames
                0x000003ee      0x152 ../../BSP/Debug\libBSP.a(lcd.o)
 .debug_pubnames
                0x00000540       0x55 ../../BSP/Debug\libBSP.a(leds.o)
 .debug_pubnames
                0x00000595       0x3e ../../BSP/Debug\libBSP.a(power.o)
 .debug_pubnames
                0x000005d3       0x5a ../../BSP/Debug\libBSP.a(rtc.o)
 .debug_pubnames
                0x0000062d       0x4e ../../BSP/Debug\libBSP.a(segs.o)
 .debug_pubnames
                0x0000067b      0x2b1 ../../BSP/Debug\libBSP.a(system.o)
 .debug_pubnames
                0x0000092c       0xee ../../BSP/Debug\libBSP.a(timers.o)
 .debug_pubnames
                0x00000a1a       0x9f ../../BSP/Debug\libBSP.a(ts.o)
 .debug_pubnames
                0x00000ab9       0xa7 ../../BSP/Debug\libBSP.a(uart.o)
 .debug_pubnames
                0x00000b60       0x72 ../../BSP/Debug\libBSP.a(adc.o)
 .debug_pubnames
                0x00000bd2       0x1b ../../BSP/Debug\libBSP.a(font8x16.o)

.debug_pubtypes
                0x00000000      0x3b3
 .debug_pubtypes
                0x00000000       0x42 ./Extra_Fuctions.o
 .debug_pubtypes
                0x00000042       0x34 ./kernelcoop.o
 .debug_pubtypes
                0x00000076       0x98 ./proyecto.o
 .debug_pubtypes
                0x0000010e       0x6b ../../BSP/Debug\libBSP.a(netutils.o)
 .debug_pubtypes
                0x00000179       0x32 ../../BSP/Debug\libBSP.a(keypad.o)
 .debug_pubtypes
                0x000001ab       0x3c ../../BSP/Debug\libBSP.a(lcd.o)
 .debug_pubtypes
                0x000001e7       0x27 ../../BSP/Debug\libBSP.a(leds.o)
 .debug_pubtypes
                0x0000020e       0x27 ../../BSP/Debug\libBSP.a(power.o)
 .debug_pubtypes
                0x00000235       0x36 ../../BSP/Debug\libBSP.a(rtc.o)
 .debug_pubtypes
                0x0000026b       0x27 ../../BSP/Debug\libBSP.a(segs.o)
 .debug_pubtypes
                0x00000292       0x27 ../../BSP/Debug\libBSP.a(system.o)
 .debug_pubtypes
                0x000002b9       0x3d ../../BSP/Debug\libBSP.a(timers.o)
 .debug_pubtypes
                0x000002f6       0x32 ../../BSP/Debug\libBSP.a(ts.o)
 .debug_pubtypes
                0x00000328       0x3d ../../BSP/Debug\libBSP.a(uart.o)
 .debug_pubtypes
                0x00000365       0x32 ../../BSP/Debug\libBSP.a(adc.o)
 .debug_pubtypes
                0x00000397       0x1c ../../BSP/Debug\libBSP.a(font8x16.o)

.debug_aranges  0x00000000      0x1e0
 .debug_aranges
                0x00000000       0x20 ./Extra_Fuctions.o
 .debug_aranges
                0x00000020       0x20 ./kernelcoop.o
 .debug_aranges
                0x00000040       0x20 ./proyecto.o
 .debug_aranges
                0x00000060       0x20 ../../BSP/Debug\libBSP.a(netutils.o)
 .debug_aranges
                0x00000080       0x20 ../../BSP/Debug\libBSP.a(keypad.o)
 .debug_aranges
                0x000000a0       0x20 ../../BSP/Debug\libBSP.a(lcd.o)
 .debug_aranges
                0x000000c0       0x20 ../../BSP/Debug\libBSP.a(leds.o)
 .debug_aranges
                0x000000e0       0x20 ../../BSP/Debug\libBSP.a(power.o)
 .debug_aranges
                0x00000100       0x20 ../../BSP/Debug\libBSP.a(rtc.o)
 .debug_aranges
                0x00000120       0x20 ../../BSP/Debug\libBSP.a(segs.o)
 .debug_aranges
                0x00000140       0x20 ../../BSP/Debug\libBSP.a(system.o)
 .debug_aranges
                0x00000160       0x20 ../../BSP/Debug\libBSP.a(timers.o)
 .debug_aranges
                0x00000180       0x20 ../../BSP/Debug\libBSP.a(ts.o)
 .debug_aranges
                0x000001a0       0x20 ../../BSP/Debug\libBSP.a(uart.o)
 .debug_aranges
                0x000001c0       0x20 ../../BSP/Debug\libBSP.a(adc.o)

.debug_str      0x00000000      0xf32
 .debug_str     0x00000000      0x195 ./Extra_Fuctions.o
                                0x1c0 (size before relaxing)
 .debug_str     0x00000195       0xe0 ./kernelcoop.o
                                0x15d (size before relaxing)
 .debug_str     0x00000275      0x1ed ./proyecto.o
                                0x314 (size before relaxing)
 .debug_str     0x00000462      0x26b ../../BSP/Debug\libBSP.a(netutils.o)
                                0x2f4 (size before relaxing)
 .debug_str     0x000006cd       0x92 ../../BSP/Debug\libBSP.a(keypad.o)
                                0x174 (size before relaxing)
 .debug_str     0x0000075f      0x150 ../../BSP/Debug\libBSP.a(lcd.o)
                                0x24e (size before relaxing)
 .debug_str     0x000008af       0x3d ../../BSP/Debug\libBSP.a(leds.o)
                                0x118 (size before relaxing)
 .debug_str     0x000008ec       0x36 ../../BSP/Debug\libBSP.a(power.o)
                                0x111 (size before relaxing)
 .debug_str     0x00000922       0x4c ../../BSP/Debug\libBSP.a(rtc.o)
                                0x14f (size before relaxing)
 .debug_str     0x0000096e       0x43 ../../BSP/Debug\libBSP.a(segs.o)
                                0x124 (size before relaxing)
 .debug_str     0x000009b1      0x2ff ../../BSP/Debug\libBSP.a(system.o)
                                0x3e9 (size before relaxing)
 .debug_str     0x00000cb0       0xe0 ../../BSP/Debug\libBSP.a(timers.o)
                                0x1cc (size before relaxing)
 .debug_str     0x00000d90       0xc0 ../../BSP/Debug\libBSP.a(ts.o)
                                0x1a8 (size before relaxing)
 .debug_str     0x00000e50       0x7f ../../BSP/Debug\libBSP.a(uart.o)
                                0x16d (size before relaxing)
 .debug_str     0x00000ecf       0x51 ../../BSP/Debug\libBSP.a(adc.o)
                                0x140 (size before relaxing)
 .debug_str     0x00000f20       0x12 ../../BSP/Debug\libBSP.a(font8x16.o)
                                 0xeb (size before relaxing)

.comment        0x00000000       0x2a
 .comment       0x00000000       0x2a ./Extra_Fuctions.o
                                 0x2b (size before relaxing)
 .comment       0x00000000       0x2b ./kernelcoop.o
 .comment       0x00000000       0x2b ./proyecto.o
 .comment       0x00000000       0x2b ../../BSP/Debug\libBSP.a(netutils.o)
 .comment       0x00000000       0x2b ../../BSP/Debug\libBSP.a(keypad.o)
 .comment       0x00000000       0x2b ../../BSP/Debug\libBSP.a(lcd.o)
 .comment       0x00000000       0x2b ../../BSP/Debug\libBSP.a(leds.o)
 .comment       0x00000000       0x2b ../../BSP/Debug\libBSP.a(power.o)
 .comment       0x00000000       0x2b ../../BSP/Debug\libBSP.a(rtc.o)
 .comment       0x00000000       0x2b ../../BSP/Debug\libBSP.a(segs.o)
 .comment       0x00000000       0x2b ../../BSP/Debug\libBSP.a(system.o)
 .comment       0x00000000       0x2b ../../BSP/Debug\libBSP.a(timers.o)
 .comment       0x00000000       0x2b ../../BSP/Debug\libBSP.a(ts.o)
 .comment       0x00000000       0x2b ../../BSP/Debug\libBSP.a(uart.o)
 .comment       0x00000000       0x2b ../../BSP/Debug\libBSP.a(adc.o)
 .comment       0x00000000       0x2b ../../BSP/Debug\libBSP.a(font8x16.o)

.ARM.attributes
                0x00000000       0x32
 .ARM.attributes
                0x00000000       0x32 ./Extra_Fuctions.o
 .ARM.attributes
                0x00000032       0x32 ./kernelcoop.o
 .ARM.attributes
                0x00000064       0x32 ./proyecto.o
 .ARM.attributes
                0x00000096       0x32 ../../BSP/Debug\libBSP.a(netutils.o)
 .ARM.attributes
                0x000000c8       0x32 ../../BSP/Debug\libBSP.a(keypad.o)
 .ARM.attributes
                0x000000fa       0x32 ../../BSP/Debug\libBSP.a(lcd.o)
 .ARM.attributes
                0x0000012c       0x32 ../../BSP/Debug\libBSP.a(leds.o)
 .ARM.attributes
                0x0000015e       0x32 ../../BSP/Debug\libBSP.a(power.o)
 .ARM.attributes
                0x00000190       0x32 ../../BSP/Debug\libBSP.a(rtc.o)
 .ARM.attributes
                0x000001c2       0x32 ../../BSP/Debug\libBSP.a(segs.o)
 .ARM.attributes
                0x000001f4       0x32 ../../BSP/Debug\libBSP.a(system.o)
 .ARM.attributes
                0x00000226       0x32 ../../BSP/Debug\libBSP.a(timers.o)
 .ARM.attributes
                0x00000258       0x32 ../../BSP/Debug\libBSP.a(ts.o)
 .ARM.attributes
                0x0000028a       0x32 ../../BSP/Debug\libBSP.a(uart.o)
 .ARM.attributes
                0x000002bc       0x32 ../../BSP/Debug\libBSP.a(adc.o)
 .ARM.attributes
                0x000002ee       0x32 ../../BSP/Debug\libBSP.a(font8x16.o)
 .ARM.attributes
                0x00000320       0x1a c:/users/march/pysd_programas/eclipsearm/sourcery-g++-lite-arm-2011.03/bin/../lib/gcc/arm-none-eabi/4.5.2\libgcc.a(_udivsi3.o)
 .ARM.attributes
                0x0000033a       0x1a c:/users/march/pysd_programas/eclipsearm/sourcery-g++-lite-arm-2011.03/bin/../lib/gcc/arm-none-eabi/4.5.2\libgcc.a(_divsi3.o)
 .ARM.attributes
                0x00000354       0x18 c:/users/march/pysd_programas/eclipsearm/sourcery-g++-lite-arm-2011.03/bin/../lib/gcc/arm-none-eabi/4.5.2\libgcc.a(_dvmd_tls.o)
 .ARM.attributes
                0x0000036c       0x1a c:/users/march/pysd_programas/eclipsearm/sourcery-g++-lite-arm-2011.03/bin/../lib/gcc/arm-none-eabi/4.5.2\libgcc.a(_aeabi_uldivmod.o)
 .ARM.attributes
                0x00000386       0x34 c:/users/march/pysd_programas/eclipsearm/sourcery-g++-lite-arm-2011.03/bin/../lib/gcc/arm-none-eabi/4.5.2\libgcc.a(bpabi.o)
 .ARM.attributes
                0x000003ba       0x34 c:/users/march/pysd_programas/eclipsearm/sourcery-g++-lite-arm-2011.03/bin/../lib/gcc/arm-none-eabi/4.5.2\libgcc.a(_divdi3.o)
 .ARM.attributes
                0x000003ee       0x34 c:/users/march/pysd_programas/eclipsearm/sourcery-g++-lite-arm-2011.03/bin/../lib/gcc/arm-none-eabi/4.5.2\libgcc.a(_udivdi3.o)
 .ARM.attributes
                0x00000422       0x1a c:/users/march/pysd_programas/eclipsearm/sourcery-g++-lite-arm-2011.03/bin/../lib/gcc/arm-none-eabi/4.5.2\libgcc.a(_clzsi2.o)

.debug_frame    0x00000000     0x1854
 .debug_frame   0x00000000       0xb4 ./Extra_Fuctions.o
 .debug_frame   0x000000b4       0xbc ./kernelcoop.o
 .debug_frame   0x00000170      0x1b0 ./proyecto.o
 .debug_frame   0x00000320      0x1b0 ../../BSP/Debug\libBSP.a(netutils.o)
 .debug_frame   0x000004d0      0x110 ../../BSP/Debug\libBSP.a(keypad.o)
 .debug_frame   0x000005e0      0x270 ../../BSP/Debug\libBSP.a(lcd.o)
 .debug_frame   0x00000850       0xb0 ../../BSP/Debug\libBSP.a(leds.o)
 .debug_frame   0x00000900       0x70 ../../BSP/Debug\libBSP.a(power.o)
 .debug_frame   0x00000970       0xb0 ../../BSP/Debug\libBSP.a(rtc.o)
 .debug_frame   0x00000a20       0x90 ../../BSP/Debug\libBSP.a(segs.o)
 .debug_frame   0x00000ab0      0x714 ../../BSP/Debug\libBSP.a(system.o)
 .debug_frame   0x000011c4      0x1b8 ../../BSP/Debug\libBSP.a(timers.o)
 .debug_frame   0x0000137c      0x1b0 ../../BSP/Debug\libBSP.a(ts.o)
 .debug_frame   0x0000152c      0x130 ../../BSP/Debug\libBSP.a(uart.o)
 .debug_frame   0x0000165c       0xf0 ../../BSP/Debug\libBSP.a(adc.o)
 .debug_frame   0x0000174c       0x20 c:/users/march/pysd_programas/eclipsearm/sourcery-g++-lite-arm-2011.03/bin/../lib/gcc/arm-none-eabi/4.5.2\libgcc.a(_udivsi3.o)
 .debug_frame   0x0000176c       0x20 c:/users/march/pysd_programas/eclipsearm/sourcery-g++-lite-arm-2011.03/bin/../lib/gcc/arm-none-eabi/4.5.2\libgcc.a(_divsi3.o)
 .debug_frame   0x0000178c       0x50 c:/users/march/pysd_programas/eclipsearm/sourcery-g++-lite-arm-2011.03/bin/../lib/gcc/arm-none-eabi/4.5.2\libgcc.a(bpabi.o)
 .debug_frame   0x000017dc       0x3c c:/users/march/pysd_programas/eclipsearm/sourcery-g++-lite-arm-2011.03/bin/../lib/gcc/arm-none-eabi/4.5.2\libgcc.a(_divdi3.o)
 .debug_frame   0x00001818       0x3c c:/users/march/pysd_programas/eclipsearm/sourcery-g++-lite-arm-2011.03/bin/../lib/gcc/arm-none-eabi/4.5.2\libgcc.a(_udivdi3.o)
