Archive member included because of file (symbol)

../../BSP/Debug\libBSP.a(keypad.o)
                              ./proyecto.o (keypad_scan)
../../BSP/Debug\libBSP.a(lcd.o)
                              ./proyecto.o (lcd_init)
../../BSP/Debug\libBSP.a(leds.o)
                              ./proyecto.o (leds_init)
../../BSP/Debug\libBSP.a(power.o)
                              ../../BSP/Debug\libBSP.a(keypad.o) (power_on)
../../BSP/Debug\libBSP.a(rtc.o)
                              ./proyecto.o (rtc_init)
../../BSP/Debug\libBSP.a(segs.o)
                              ./proyecto.o (segs_init)
../../BSP/Debug\libBSP.a(system.o)
                              ./proyecto.o (sys_init)
../../BSP/Debug\libBSP.a(timers.o)
                              ./proyecto.o (timers_init)
../../BSP/Debug\libBSP.a(ts.o)
                              ./proyecto.o (ts_on)
../../BSP/Debug\libBSP.a(uart.o)
                              ./proyecto.o (uart0_init)
../../BSP/Debug\libBSP.a(adc.o)
                              ../../BSP/Debug\libBSP.a(ts.o) (adc_on)
../../BSP/Debug\libBSP.a(font8x16.o)
                              ../../BSP/Debug\libBSP.a(lcd.o) (font)
c:/eclipsearm/sourcery-g++-lite-arm-2011.03/bin/../lib/gcc/arm-none-eabi/4.5.2\libgcc.a(_udivsi3.o)
                              ../../BSP/Debug\libBSP.a(timers.o) (__aeabi_uidiv)
c:/eclipsearm/sourcery-g++-lite-arm-2011.03/bin/../lib/gcc/arm-none-eabi/4.5.2\libgcc.a(_divsi3.o)
                              ../../BSP/Debug\libBSP.a(ts.o) (__aeabi_idiv)
c:/eclipsearm/sourcery-g++-lite-arm-2011.03/bin/../lib/gcc/arm-none-eabi/4.5.2\libgcc.a(_dvmd_tls.o)
                              c:/eclipsearm/sourcery-g++-lite-arm-2011.03/bin/../lib/gcc/arm-none-eabi/4.5.2\libgcc.a(_udivsi3.o) (__aeabi_idiv0)
c:/eclipsearm/sourcery-g++-lite-arm-2011.03/bin/../lib/gcc/arm-none-eabi/4.5.2\libgcc.a(_aeabi_uldivmod.o)
                              ../../BSP/Debug\libBSP.a(timers.o) (__aeabi_uldivmod)
c:/eclipsearm/sourcery-g++-lite-arm-2011.03/bin/../lib/gcc/arm-none-eabi/4.5.2\libgcc.a(bpabi.o)
                              c:/eclipsearm/sourcery-g++-lite-arm-2011.03/bin/../lib/gcc/arm-none-eabi/4.5.2\libgcc.a(_aeabi_uldivmod.o) (__gnu_uldivmod_helper)
c:/eclipsearm/sourcery-g++-lite-arm-2011.03/bin/../lib/gcc/arm-none-eabi/4.5.2\libgcc.a(_divdi3.o)
                              c:/eclipsearm/sourcery-g++-lite-arm-2011.03/bin/../lib/gcc/arm-none-eabi/4.5.2\libgcc.a(bpabi.o) (__divdi3)
c:/eclipsearm/sourcery-g++-lite-arm-2011.03/bin/../lib/gcc/arm-none-eabi/4.5.2\libgcc.a(_udivdi3.o)
                              c:/eclipsearm/sourcery-g++-lite-arm-2011.03/bin/../lib/gcc/arm-none-eabi/4.5.2\libgcc.a(bpabi.o) (__udivdi3)
c:/eclipsearm/sourcery-g++-lite-arm-2011.03/bin/../lib/gcc/arm-none-eabi/4.5.2\libgcc.a(_clzsi2.o)
                              c:/eclipsearm/sourcery-g++-lite-arm-2011.03/bin/../lib/gcc/arm-none-eabi/4.5.2\libgcc.a(_divdi3.o) (__clzsi2)

Allocating common symbols
Common symbol       size              file

tsPressedMsg        0x6               ./proyecto.o
coinAcceptorMsg     0x2               ./proyecto.o
coinsMoverMsg       0x2               ./proyecto.o
parking             0x0               ./proyecto.o
printTicketFlag     0x1               ./proyecto.o

Memory Configuration

Name             Origin             Length             Attributes
*default*        0x00000000         0xffffffff

Linker script and memory map

LOAD ./kernelcoop.o
LOAD ./proyecto.o
LOAD ../../BSP/Debug\libBSP.a
START GROUP
LOAD c:/eclipsearm/sourcery-g++-lite-arm-2011.03/bin/../lib/gcc/arm-none-eabi/4.5.2\libgcc.a
LOAD c:/eclipsearm/sourcery-g++-lite-arm-2011.03/bin/../lib/gcc/arm-none-eabi/4.5.2/../../../../arm-none-eabi/lib\libc.a
END GROUP
                0x0c100000                . = 0xc100000
                0x0c100000                _image_start = .
                0x0c100000                _code_start = .

.text           0x0c100000     0x73c0
 *(.text)
 .text          0x0c100000      0x388 ./kernelcoop.o
                0x0c100000                delete_task
                0x0c100094                create_task
                0x0c100178                scheduler_init
                0x0c1001c0                scheduler
                0x0c1002ec                dispacher
 .text          0x0c100388      0x6d4 ./proyecto.o
                0x0c100388                main
                0x0c100444                mainTask
                0x0c100644                ticketPrinterTask
                0x0c10065c                clockTask
                0x0c100674                tsScanTask
                0x0c100760                coinsAcceptorTask
                0x0c100858                coinsMoverTask
                0x0c100988                setup
                0x0c100a10                plotWelcomeScreen
 .text          0x0c100a5c      0x590 ../../BSP/Debug\libBSP.a(keypad.o)
                0x0c100a5c                keypad_scan
                0x0c100c80                keypad_pressed
                0x0c100cbc                keypad_getchartime
                0x0c100d64                keypad_timeout_getchar
                0x0c100e54                keypad_open
                0x0c100eac                keypad_close
                0x0c100ef0                keypad_init
                0x0c100f78                keypad_getchar
 .text          0x0c100fec     0x13e4 ../../BSP/Debug\libBSP.a(lcd.o)
                0x0c100fec                lcd_init
                0x0c10119c                lcd_on
                0x0c1011d8                lcd_off
                0x0c101214                lcd_status
                0x0c10123c                lcd_clear
                0x0c10129c                lcd_putpixel
                0x0c101388                lcd_getpixel
                0x0c101424                lcd_draw_hline
                0x0c10157c                lcd_draw_vline
                0x0c1016d4                lcd_draw_box
                0x0c1017cc                lcd_putchar
                0x0c101a48                lcd_puts
                0x0c101abc                lcd_putint
                0x0c101c38                lcd_puthex
                0x0c101d18                lcd_putchar_x2
                0x0c101fa4                lcd_puts_x2
                0x0c102018                lcd_putint_x2
                0x0c102194                lcd_puthex_x2
                0x0c102274                lcd_putWallpaper
 .text          0x0c1023d0      0x168 ../../BSP/Debug\libBSP.a(leds.o)
                0x0c1023d0                leds_init
                0x0c102418                led_on
                0x0c102460                led_off
                0x0c1024a4                led_toggle
                0x0c1024e8                led_status
 .text          0x0c102538      0x214 ../../BSP/Debug\libBSP.a(power.o)
                0x0c102538                power_on
                0x0c102618                power_off
                0x0c1026fc                power_status
 .text          0x0c10274c      0x92c ../../BSP/Debug\libBSP.a(rtc.o)
                0x0c10274c                rtc_init
                0x0c102890                rtc_puttime
                0x0c102b48                rtc_gettime
                0x0c102fb0                rtc_open
                0x0c103024                rtc_close
 .text          0x0c103078       0xf4 ../../BSP/Debug\libBSP.a(segs.o)
                0x0c103078                segs_init
                0x0c1030b4                segs_off
                0x0c1030ec                segs_putchar
                0x0c103144                segs_status
 .text          0x0c10316c     0x1818 ../../BSP/Debug\libBSP.a(system.o)
                0x0c10316c                sys_init
                0x0c103a48                isr_SWI_dummy
                0x0c103a88                isr_UNDEF_dummy
                0x0c103ac8                isr_IRQ_dummy
                0x0c103b10                isr_FIQ_dummy
                0x0c103b58                isr_PABORT_dummy
                0x0c103ba0                isr_DABORT_dummy
                0x0c103be8                isr_ADC_dummy
                0x0c103c30                isr_RTC_dummy
                0x0c103c78                isr_UTXD1_dummy
                0x0c103cc0                isr_UTXD0_dummy
                0x0c103d08                isr_SIO_dummy
                0x0c103d50                isr_IIC_dummy
                0x0c103d98                isr_URXD1_dummy
                0x0c103de0                isr_URXD0_dummy
                0x0c103e28                isr_TIMER5_dummy
                0x0c103e70                isr_TIMER4_dummy
                0x0c103eb8                isr_TIMER3_dummy
                0x0c103f00                isr_TIMER2_dummy
                0x0c103f48                isr_TIMER1_dummy
                0x0c103f90                isr_TIMER0_dummy
                0x0c103fd8                isr_UERR01_dummy
                0x0c104020                isr_WDT_dummy
                0x0c104068                isr_BDMA1_dummy
                0x0c1040b0                isr_BDMA0_dummy
                0x0c1040f8                isr_ZDMA1_dummy
                0x0c104140                isr_ZDMA0_dummy
                0x0c104188                isr_TICK_dummy
                0x0c1041d0                isr_PB_dummy
                0x0c104218                isr_ETHERNET_dummy
                0x0c104260                isr_TS_dummy
                0x0c1042a8                isr_KEYPAD_dummy
                0x0c1042f0                isr_USB_dummy
                0x0c1047e0                getmem
                0x0c104940                sleep
 .text          0x0c104984      0xad4 ../../BSP/Debug\libBSP.a(timers.o)
                0x0c104984                timers_init
                0x0c104b4c                timer3_delay_ms
                0x0c104c4c                sw_delay_ms
                0x0c104ca4                timer3_delay_s
                0x0c104da0                sw_delay_s
                0x0c104df8                timer3_start
                0x0c104ed4                timer3_stop
                0x0c104f28                timer3_start_timeout
                0x0c10500c                timer3_timeout
                0x0c105048                timer0_open_tick
                0x0c1052a0                timer0_open_ms
                0x0c1053c4                timer0_close
 .text          0x0c105458      0xab8 ../../BSP/Debug\libBSP.a(ts.o)
                0x0c105458                ts_on
                0x0c105484                ts_off
                0x0c1054b0                ts_status
                0x0c1054d8                ts_pressed
                0x0c105904                ts_getpostime
                0x0c1059d0                ts_timeout_getpos
                0x0c105d14                ts_open
                0x0c105d6c                ts_close
                0x0c105db0                ts_init
                0x0c105e78                ts_getpos
 .text          0x0c105f10      0x5e8 ../../BSP/Debug\libBSP.a(uart.o)
                0x0c105f10                uart0_init
                0x0c105fb0                uart0_putchar
                0x0c106000                uart0_getchar
                0x0c106050                uart0_puts
                0x0c1060a0                uart0_putint
                0x0c1061f4                uart0_puthex
                0x0c1062ac                uart0_gets
                0x0c10630c                uart0_getint
                0x0c1063e4                uart0_gethex
 .text          0x0c1064f8      0x288 ../../BSP/Debug\libBSP.a(adc.o)
                0x0c1064f8                adc_on
                0x0c106544                adc_off
                0x0c106588                adc_status
                0x0c1065b0                adc_open
                0x0c106608                adc_close
                0x0c10664c                adc_init
                0x0c106690                adc_getSample
 .text          0x0c106780        0x0 ../../BSP/Debug\libBSP.a(font8x16.o)
 .text          0x0c106780      0x114 c:/eclipsearm/sourcery-g++-lite-arm-2011.03/bin/../lib/gcc/arm-none-eabi/4.5.2\libgcc.a(_udivsi3.o)
                0x0c106780                __aeabi_uidiv
                0x0c106780                __udivsi3
                0x0c106874                __aeabi_uidivmod
 .text          0x0c106894      0x148 c:/eclipsearm/sourcery-g++-lite-arm-2011.03/bin/../lib/gcc/arm-none-eabi/4.5.2\libgcc.a(_divsi3.o)
                0x0c106894                __divsi3
                0x0c106894                __aeabi_idiv
                0x0c1069bc                __aeabi_idivmod
 .text          0x0c1069dc        0x4 c:/eclipsearm/sourcery-g++-lite-arm-2011.03/bin/../lib/gcc/arm-none-eabi/4.5.2\libgcc.a(_dvmd_tls.o)
                0x0c1069dc                __aeabi_idiv0
                0x0c1069dc                __aeabi_ldiv0
 .text          0x0c1069e0       0x3c c:/eclipsearm/sourcery-g++-lite-arm-2011.03/bin/../lib/gcc/arm-none-eabi/4.5.2\libgcc.a(_aeabi_uldivmod.o)
                0x0c1069e0                __aeabi_uldivmod
 .text          0x0c106a1c       0x80 c:/eclipsearm/sourcery-g++-lite-arm-2011.03/bin/../lib/gcc/arm-none-eabi/4.5.2\libgcc.a(bpabi.o)
                0x0c106a1c                __gnu_ldivmod_helper
                0x0c106a5c                __gnu_uldivmod_helper
 .text          0x0c106a9c      0x4a8 c:/eclipsearm/sourcery-g++-lite-arm-2011.03/bin/../lib/gcc/arm-none-eabi/4.5.2\libgcc.a(_divdi3.o)
                0x0c106a9c                __divdi3
 .text          0x0c106f44      0x434 c:/eclipsearm/sourcery-g++-lite-arm-2011.03/bin/../lib/gcc/arm-none-eabi/4.5.2\libgcc.a(_udivdi3.o)
                0x0c106f44                __udivdi3
 .text          0x0c107378       0x48 c:/eclipsearm/sourcery-g++-lite-arm-2011.03/bin/../lib/gcc/arm-none-eabi/4.5.2\libgcc.a(_clzsi2.o)
                0x0c107378                __clzsi2
                0x0c1073c0                _code_end = .
                0x000073c0                _code_size = SIZEOF (.text)
                0x0c1073c0                _data_start = .

.glue_7         0x0c1073c0        0x0
 .glue_7        0x00000000        0x0 linker stubs

.glue_7t        0x0c1073c0        0x0
 .glue_7t       0x00000000        0x0 linker stubs

.vfp11_veneer   0x0c1073c0        0x0
 .vfp11_veneer  0x00000000        0x0 linker stubs

.v4_bx          0x0c1073c0        0x0
 .v4_bx         0x00000000        0x0 linker stubs

.rodata         0x0c1073c0     0x17c0
 *(.rodata)
 .rodata        0x0c1073c0       0x28 ./proyecto.o
 .rodata        0x0c1073e8       0x10 ../../BSP/Debug\libBSP.a(segs.o)
 .rodata        0x0c1073f8      0x6e8 ../../BSP/Debug\libBSP.a(system.o)
 .rodata        0x0c107ae0       0xa0 ../../BSP/Debug\libBSP.a(ts.o)
 .rodata        0x0c107b80     0x1000 ../../BSP/Debug\libBSP.a(font8x16.o)
                0x0c107b80                font

.ARM.extab      0x0c108b80        0x0
 .ARM.extab     0x0c108b80        0x0 c:/eclipsearm/sourcery-g++-lite-arm-2011.03/bin/../lib/gcc/arm-none-eabi/4.5.2\libgcc.a(_divdi3.o)
 .ARM.extab     0x0c108b80        0x0 c:/eclipsearm/sourcery-g++-lite-arm-2011.03/bin/../lib/gcc/arm-none-eabi/4.5.2\libgcc.a(_udivdi3.o)

.ARM.exidx      0x0c108b80        0x8
 .ARM.exidx     0x0c108b80        0x8 c:/eclipsearm/sourcery-g++-lite-arm-2011.03/bin/../lib/gcc/arm-none-eabi/4.5.2\libgcc.a(_divdi3.o)
 .ARM.exidx     0x0c108b88        0x0 c:/eclipsearm/sourcery-g++-lite-arm-2011.03/bin/../lib/gcc/arm-none-eabi/4.5.2\libgcc.a(_udivdi3.o)
                                  0x8 (size before relaxing)

.data           0x0c108b88       0x14
 *(.data)
 .data          0x0c108b88        0x0 ./kernelcoop.o
 .data          0x0c108b88        0x4 ./proyecto.o
 .data          0x0c108b8c        0x0 ../../BSP/Debug\libBSP.a(keypad.o)
 .data          0x0c108b8c        0x0 ../../BSP/Debug\libBSP.a(lcd.o)
 .data          0x0c108b8c        0x0 ../../BSP/Debug\libBSP.a(leds.o)
 .data          0x0c108b8c        0x0 ../../BSP/Debug\libBSP.a(power.o)
 .data          0x0c108b8c        0x0 ../../BSP/Debug\libBSP.a(rtc.o)
 .data          0x0c108b8c        0x0 ../../BSP/Debug\libBSP.a(segs.o)
 .data          0x0c108b8c       0x10 ../../BSP/Debug\libBSP.a(system.o)
                0x0c108b94                mclk
 .data          0x0c108b9c        0x0 ../../BSP/Debug\libBSP.a(timers.o)
 .data          0x0c108b9c        0x0 ../../BSP/Debug\libBSP.a(ts.o)
 .data          0x0c108b9c        0x0 ../../BSP/Debug\libBSP.a(uart.o)
 .data          0x0c108b9c        0x0 ../../BSP/Debug\libBSP.a(adc.o)
 .data          0x0c108b9c        0x0 ../../BSP/Debug\libBSP.a(font8x16.o)
 .data          0x0c108b9c        0x0 c:/eclipsearm/sourcery-g++-lite-arm-2011.03/bin/../lib/gcc/arm-none-eabi/4.5.2\libgcc.a(_udivsi3.o)
 .data          0x0c108b9c        0x0 c:/eclipsearm/sourcery-g++-lite-arm-2011.03/bin/../lib/gcc/arm-none-eabi/4.5.2\libgcc.a(_divsi3.o)
 .data          0x0c108b9c        0x0 c:/eclipsearm/sourcery-g++-lite-arm-2011.03/bin/../lib/gcc/arm-none-eabi/4.5.2\libgcc.a(_dvmd_tls.o)
 .data          0x0c108b9c        0x0 c:/eclipsearm/sourcery-g++-lite-arm-2011.03/bin/../lib/gcc/arm-none-eabi/4.5.2\libgcc.a(_aeabi_uldivmod.o)
 .data          0x0c108b9c        0x0 c:/eclipsearm/sourcery-g++-lite-arm-2011.03/bin/../lib/gcc/arm-none-eabi/4.5.2\libgcc.a(bpabi.o)
 .data          0x0c108b9c        0x0 c:/eclipsearm/sourcery-g++-lite-arm-2011.03/bin/../lib/gcc/arm-none-eabi/4.5.2\libgcc.a(_divdi3.o)
 .data          0x0c108b9c        0x0 c:/eclipsearm/sourcery-g++-lite-arm-2011.03/bin/../lib/gcc/arm-none-eabi/4.5.2\libgcc.a(_udivdi3.o)
 .data          0x0c108b9c        0x0 c:/eclipsearm/sourcery-g++-lite-arm-2011.03/bin/../lib/gcc/arm-none-eabi/4.5.2\libgcc.a(_clzsi2.o)

.lcdbuffer      0x0c108b9c     0x9600
 .lcdbuffer     0x0c108b9c     0x9600 ../../BSP/Debug\libBSP.a(lcd.o)
                0x0c108b9c                lcd_buffer

.bss            0x0c11219c      0x10d
 *(.bss)
 .bss           0x0c11219c       0xa0 ./kernelcoop.o
 .bss           0x0c11223c       0x10 ./proyecto.o
 .bss           0x0c11224c        0x0 ../../BSP/Debug\libBSP.a(keypad.o)
 .bss           0x0c11224c       0x34 ../../BSP/Debug\libBSP.a(lcd.o)
 .bss           0x0c112280        0x0 ../../BSP/Debug\libBSP.a(leds.o)
 .bss           0x0c112280        0x0 ../../BSP/Debug\libBSP.a(power.o)
 .bss           0x0c112280        0x0 ../../BSP/Debug\libBSP.a(rtc.o)
 .bss           0x0c112280        0x1 ../../BSP/Debug\libBSP.a(segs.o)
 .bss           0x0c112281        0x0 ../../BSP/Debug\libBSP.a(system.o)
 *fill*         0x0c112281        0x3 00
 .bss           0x0c112284        0x8 ../../BSP/Debug\libBSP.a(timers.o)
 .bss           0x0c11228c        0xa ../../BSP/Debug\libBSP.a(ts.o)
 .bss           0x0c112296        0x0 ../../BSP/Debug\libBSP.a(uart.o)
 .bss           0x0c112296        0x1 ../../BSP/Debug\libBSP.a(adc.o)
 .bss           0x0c112297        0x0 ../../BSP/Debug\libBSP.a(font8x16.o)
 .bss           0x0c112297        0x0 c:/eclipsearm/sourcery-g++-lite-arm-2011.03/bin/../lib/gcc/arm-none-eabi/4.5.2\libgcc.a(_udivsi3.o)
 .bss           0x0c112297        0x0 c:/eclipsearm/sourcery-g++-lite-arm-2011.03/bin/../lib/gcc/arm-none-eabi/4.5.2\libgcc.a(_divsi3.o)
 .bss           0x0c112297        0x0 c:/eclipsearm/sourcery-g++-lite-arm-2011.03/bin/../lib/gcc/arm-none-eabi/4.5.2\libgcc.a(_dvmd_tls.o)
 .bss           0x0c112297        0x0 c:/eclipsearm/sourcery-g++-lite-arm-2011.03/bin/../lib/gcc/arm-none-eabi/4.5.2\libgcc.a(_aeabi_uldivmod.o)
 .bss           0x0c112297        0x0 c:/eclipsearm/sourcery-g++-lite-arm-2011.03/bin/../lib/gcc/arm-none-eabi/4.5.2\libgcc.a(bpabi.o)
 .bss           0x0c112297        0x0 c:/eclipsearm/sourcery-g++-lite-arm-2011.03/bin/../lib/gcc/arm-none-eabi/4.5.2\libgcc.a(_divdi3.o)
 .bss           0x0c112297        0x0 c:/eclipsearm/sourcery-g++-lite-arm-2011.03/bin/../lib/gcc/arm-none-eabi/4.5.2\libgcc.a(_udivdi3.o)
 .bss           0x0c112297        0x0 c:/eclipsearm/sourcery-g++-lite-arm-2011.03/bin/../lib/gcc/arm-none-eabi/4.5.2\libgcc.a(_clzsi2.o)
 *fill*         0x0c112297        0x1 00
 COMMON         0x0c112298       0x11 ./proyecto.o
                0x0c112298                tsPressedMsg
                0x0c1122a0                coinAcceptorMsg
                0x0c1122a4                coinsMoverMsg
                0x0c1122a8                printTicketFlag
                0x0c1122a8                parking
                0x0c1122a9                _data_end = .
                0x0c1122a9                _image_end = .
                0x000018e1                _data_size = ((SIZEOF (.rodata) + SIZEOF (.data)) + SIZEOF (.bss))
                0x00008ca1                _total_size = (_code_size + _data_size)
                0x0c1122a9                end = .
OUTPUT(proyecto.elf elf32-littlearm)

.debug_abbrev   0x00000000      0xc8e
 .debug_abbrev  0x00000000       0xe3 ./kernelcoop.o
 .debug_abbrev  0x000000e3      0x135 ./proyecto.o
 .debug_abbrev  0x00000218       0xe9 ../../BSP/Debug\libBSP.a(keypad.o)
 .debug_abbrev  0x00000301      0x16f ../../BSP/Debug\libBSP.a(lcd.o)
 .debug_abbrev  0x00000470       0x8b ../../BSP/Debug\libBSP.a(leds.o)
 .debug_abbrev  0x000004fb       0x76 ../../BSP/Debug\libBSP.a(power.o)
 .debug_abbrev  0x00000571       0xbe ../../BSP/Debug\libBSP.a(rtc.o)
 .debug_abbrev  0x0000062f       0xb3 ../../BSP/Debug\libBSP.a(segs.o)
 .debug_abbrev  0x000006e2      0x186 ../../BSP/Debug\libBSP.a(system.o)
 .debug_abbrev  0x00000868       0xee ../../BSP/Debug\libBSP.a(timers.o)
 .debug_abbrev  0x00000956       0xe7 ../../BSP/Debug\libBSP.a(ts.o)
 .debug_abbrev  0x00000a3d      0x11c ../../BSP/Debug\libBSP.a(uart.o)
 .debug_abbrev  0x00000b59       0xd2 ../../BSP/Debug\libBSP.a(adc.o)
 .debug_abbrev  0x00000c2b       0x63 ../../BSP/Debug\libBSP.a(font8x16.o)

.debug_info     0x00000000     0x270f
 .debug_info    0x00000000      0x1d0 ./kernelcoop.o
 .debug_info    0x000001d0      0x3a2 ./proyecto.o
 .debug_info    0x00000572      0x1c2 ../../BSP/Debug\libBSP.a(keypad.o)
 .debug_info    0x00000734      0x75d ../../BSP/Debug\libBSP.a(lcd.o)
 .debug_info    0x00000e91      0x12d ../../BSP/Debug\libBSP.a(leds.o)
 .debug_info    0x00000fbe       0xf0 ../../BSP/Debug\libBSP.a(power.o)
 .debug_info    0x000010ae      0x1ac ../../BSP/Debug\libBSP.a(rtc.o)
 .debug_info    0x0000125a      0x118 ../../BSP/Debug\libBSP.a(segs.o)
 .debug_info    0x00001372      0x8d5 ../../BSP/Debug\libBSP.a(system.o)
 .debug_info    0x00001c47      0x2b7 ../../BSP/Debug\libBSP.a(timers.o)
 .debug_info    0x00001efe      0x347 ../../BSP/Debug\libBSP.a(ts.o)
 .debug_info    0x00002245      0x2bf ../../BSP/Debug\libBSP.a(uart.o)
 .debug_info    0x00002504      0x176 ../../BSP/Debug\libBSP.a(adc.o)
 .debug_info    0x0000267a       0x95 ../../BSP/Debug\libBSP.a(font8x16.o)

.debug_line     0x00000000     0x1171
 .debug_line    0x00000000       0xd3 ./kernelcoop.o
 .debug_line    0x000000d3      0x19c ./proyecto.o
 .debug_line    0x0000026f      0x153 ../../BSP/Debug\libBSP.a(keypad.o)
 .debug_line    0x000003c2      0x298 ../../BSP/Debug\libBSP.a(lcd.o)
 .debug_line    0x0000065a       0x94 ../../BSP/Debug\libBSP.a(leds.o)
 .debug_line    0x000006ee       0x99 ../../BSP/Debug\libBSP.a(power.o)
 .debug_line    0x00000787       0xfa ../../BSP/Debug\libBSP.a(rtc.o)
 .debug_line    0x00000881       0xa0 ../../BSP/Debug\libBSP.a(segs.o)
 .debug_line    0x00000921      0x280 ../../BSP/Debug\libBSP.a(system.o)
 .debug_line    0x00000ba1      0x194 ../../BSP/Debug\libBSP.a(timers.o)
 .debug_line    0x00000d35      0x1a5 ../../BSP/Debug\libBSP.a(ts.o)
 .debug_line    0x00000eda      0x15a ../../BSP/Debug\libBSP.a(uart.o)
 .debug_line    0x00001034       0xe7 ../../BSP/Debug\libBSP.a(adc.o)
 .debug_line    0x0000111b       0x56 ../../BSP/Debug\libBSP.a(font8x16.o)

.debug_macinfo  0x00000000    0x40bba
 .debug_macinfo
                0x00000000     0x4326 ./kernelcoop.o
 .debug_macinfo
                0x00004326     0x556e ./proyecto.o
 .debug_macinfo
                0x00009894     0x50a2 ../../BSP/Debug\libBSP.a(keypad.o)
 .debug_macinfo
                0x0000e936     0x44c8 ../../BSP/Debug\libBSP.a(lcd.o)
 .debug_macinfo
                0x00012dfe     0x43c5 ../../BSP/Debug\libBSP.a(leds.o)
 .debug_macinfo
                0x000171c3     0x4394 ../../BSP/Debug\libBSP.a(power.o)
 .debug_macinfo
                0x0001b557     0x4e01 ../../BSP/Debug\libBSP.a(rtc.o)
 .debug_macinfo
                0x00020358     0x4d9a ../../BSP/Debug\libBSP.a(segs.o)
 .debug_macinfo
                0x000250f2     0x567c ../../BSP/Debug\libBSP.a(system.o)
 .debug_macinfo
                0x0002a76e     0x4db4 ../../BSP/Debug\libBSP.a(timers.o)
 .debug_macinfo
                0x0002f522     0x501a ../../BSP/Debug\libBSP.a(ts.o)
 .debug_macinfo
                0x0003453c     0x539e ../../BSP/Debug\libBSP.a(uart.o)
 .debug_macinfo
                0x000398da     0x4fa7 ../../BSP/Debug\libBSP.a(adc.o)
 .debug_macinfo
                0x0003e881     0x2339 ../../BSP/Debug\libBSP.a(font8x16.o)

.debug_loc      0x00000000     0x1810
 .debug_loc     0x00000000       0xdc ./kernelcoop.o
 .debug_loc     0x000000dc      0x18c ./proyecto.o
 .debug_loc     0x00000268      0x160 ../../BSP/Debug\libBSP.a(keypad.o)
 .debug_loc     0x000003c8      0x344 ../../BSP/Debug\libBSP.a(lcd.o)
 .debug_loc     0x0000070c       0xdc ../../BSP/Debug\libBSP.a(leds.o)
 .debug_loc     0x000007e8       0x84 ../../BSP/Debug\libBSP.a(power.o)
 .debug_loc     0x0000086c       0xdc ../../BSP/Debug\libBSP.a(rtc.o)
 .debug_loc     0x00000948       0xb0 ../../BSP/Debug\libBSP.a(segs.o)
 .debug_loc     0x000009f8      0x6e0 ../../BSP/Debug\libBSP.a(system.o)
 .debug_loc     0x000010d8      0x23c ../../BSP/Debug\libBSP.a(timers.o)
 .debug_loc     0x00001314      0x23c ../../BSP/Debug\libBSP.a(ts.o)
 .debug_loc     0x00001550      0x18c ../../BSP/Debug\libBSP.a(uart.o)
 .debug_loc     0x000016dc      0x134 ../../BSP/Debug\libBSP.a(adc.o)

.debug_pubnames
                0x00000000      0xa06
 .debug_pubnames
                0x00000000       0x61 ./kernelcoop.o
 .debug_pubnames
                0x00000061       0xfb ./proyecto.o
 .debug_pubnames
                0x0000015c       0xab ../../BSP/Debug\libBSP.a(keypad.o)
 .debug_pubnames
                0x00000207      0x152 ../../BSP/Debug\libBSP.a(lcd.o)
 .debug_pubnames
                0x00000359       0x55 ../../BSP/Debug\libBSP.a(leds.o)
 .debug_pubnames
                0x000003ae       0x3e ../../BSP/Debug\libBSP.a(power.o)
 .debug_pubnames
                0x000003ec       0x5a ../../BSP/Debug\libBSP.a(rtc.o)
 .debug_pubnames
                0x00000446       0x4e ../../BSP/Debug\libBSP.a(segs.o)
 .debug_pubnames
                0x00000494      0x2b1 ../../BSP/Debug\libBSP.a(system.o)
 .debug_pubnames
                0x00000745       0xee ../../BSP/Debug\libBSP.a(timers.o)
 .debug_pubnames
                0x00000833       0x9f ../../BSP/Debug\libBSP.a(ts.o)
 .debug_pubnames
                0x000008d2       0xa7 ../../BSP/Debug\libBSP.a(uart.o)
 .debug_pubnames
                0x00000979       0x72 ../../BSP/Debug\libBSP.a(adc.o)
 .debug_pubnames
                0x000009eb       0x1b ../../BSP/Debug\libBSP.a(font8x16.o)

.debug_pubtypes
                0x00000000      0x2d8
 .debug_pubtypes
                0x00000000       0x34 ./kernelcoop.o
 .debug_pubtypes
                0x00000034       0x6a ./proyecto.o
 .debug_pubtypes
                0x0000009e       0x32 ../../BSP/Debug\libBSP.a(keypad.o)
 .debug_pubtypes
                0x000000d0       0x3c ../../BSP/Debug\libBSP.a(lcd.o)
 .debug_pubtypes
                0x0000010c       0x27 ../../BSP/Debug\libBSP.a(leds.o)
 .debug_pubtypes
                0x00000133       0x27 ../../BSP/Debug\libBSP.a(power.o)
 .debug_pubtypes
                0x0000015a       0x36 ../../BSP/Debug\libBSP.a(rtc.o)
 .debug_pubtypes
                0x00000190       0x27 ../../BSP/Debug\libBSP.a(segs.o)
 .debug_pubtypes
                0x000001b7       0x27 ../../BSP/Debug\libBSP.a(system.o)
 .debug_pubtypes
                0x000001de       0x3d ../../BSP/Debug\libBSP.a(timers.o)
 .debug_pubtypes
                0x0000021b       0x32 ../../BSP/Debug\libBSP.a(ts.o)
 .debug_pubtypes
                0x0000024d       0x3d ../../BSP/Debug\libBSP.a(uart.o)
 .debug_pubtypes
                0x0000028a       0x32 ../../BSP/Debug\libBSP.a(adc.o)
 .debug_pubtypes
                0x000002bc       0x1c ../../BSP/Debug\libBSP.a(font8x16.o)

.debug_aranges  0x00000000      0x1a0
 .debug_aranges
                0x00000000       0x20 ./kernelcoop.o
 .debug_aranges
                0x00000020       0x20 ./proyecto.o
 .debug_aranges
                0x00000040       0x20 ../../BSP/Debug\libBSP.a(keypad.o)
 .debug_aranges
                0x00000060       0x20 ../../BSP/Debug\libBSP.a(lcd.o)
 .debug_aranges
                0x00000080       0x20 ../../BSP/Debug\libBSP.a(leds.o)
 .debug_aranges
                0x000000a0       0x20 ../../BSP/Debug\libBSP.a(power.o)
 .debug_aranges
                0x000000c0       0x20 ../../BSP/Debug\libBSP.a(rtc.o)
 .debug_aranges
                0x000000e0       0x20 ../../BSP/Debug\libBSP.a(segs.o)
 .debug_aranges
                0x00000100       0x20 ../../BSP/Debug\libBSP.a(system.o)
 .debug_aranges
                0x00000120       0x20 ../../BSP/Debug\libBSP.a(timers.o)
 .debug_aranges
                0x00000140       0x20 ../../BSP/Debug\libBSP.a(ts.o)
 .debug_aranges
                0x00000160       0x20 ../../BSP/Debug\libBSP.a(uart.o)
 .debug_aranges
                0x00000180       0x20 ../../BSP/Debug\libBSP.a(adc.o)

.debug_str      0x00000000      0xb6c
 .debug_str     0x00000000      0x144 ./kernelcoop.o
                                0x15d (size before relaxing)
 .debug_str     0x00000144      0x13d ./proyecto.o
                                0x235 (size before relaxing)
 .debug_str     0x00000281       0xeb ../../BSP/Debug\libBSP.a(keypad.o)
                                0x174 (size before relaxing)
 .debug_str     0x0000036c      0x150 ../../BSP/Debug\libBSP.a(lcd.o)
                                0x24e (size before relaxing)
 .debug_str     0x000004bc       0x3d ../../BSP/Debug\libBSP.a(leds.o)
                                0x118 (size before relaxing)
 .debug_str     0x000004f9       0x36 ../../BSP/Debug\libBSP.a(power.o)
                                0x111 (size before relaxing)
 .debug_str     0x0000052f       0x74 ../../BSP/Debug\libBSP.a(rtc.o)
                                0x14f (size before relaxing)
 .debug_str     0x000005a3       0x43 ../../BSP/Debug\libBSP.a(segs.o)
                                0x124 (size before relaxing)
 .debug_str     0x000005e6      0x304 ../../BSP/Debug\libBSP.a(system.o)
                                0x3e9 (size before relaxing)
 .debug_str     0x000008ea       0xe0 ../../BSP/Debug\libBSP.a(timers.o)
                                0x1cc (size before relaxing)
 .debug_str     0x000009ca       0xc0 ../../BSP/Debug\libBSP.a(ts.o)
                                0x1a8 (size before relaxing)
 .debug_str     0x00000a8a       0x7f ../../BSP/Debug\libBSP.a(uart.o)
                                0x16d (size before relaxing)
 .debug_str     0x00000b09       0x51 ../../BSP/Debug\libBSP.a(adc.o)
                                0x140 (size before relaxing)
 .debug_str     0x00000b5a       0x12 ../../BSP/Debug\libBSP.a(font8x16.o)
                                 0xeb (size before relaxing)

.comment        0x00000000       0x2a
 .comment       0x00000000       0x2a ./kernelcoop.o
                                 0x2b (size before relaxing)
 .comment       0x00000000       0x2b ./proyecto.o
 .comment       0x00000000       0x2b ../../BSP/Debug\libBSP.a(keypad.o)
 .comment       0x00000000       0x2b ../../BSP/Debug\libBSP.a(lcd.o)
 .comment       0x00000000       0x2b ../../BSP/Debug\libBSP.a(leds.o)
 .comment       0x00000000       0x2b ../../BSP/Debug\libBSP.a(power.o)
 .comment       0x00000000       0x2b ../../BSP/Debug\libBSP.a(rtc.o)
 .comment       0x00000000       0x2b ../../BSP/Debug\libBSP.a(segs.o)
 .comment       0x00000000       0x2b ../../BSP/Debug\libBSP.a(system.o)
 .comment       0x00000000       0x2b ../../BSP/Debug\libBSP.a(timers.o)
 .comment       0x00000000       0x2b ../../BSP/Debug\libBSP.a(ts.o)
 .comment       0x00000000       0x2b ../../BSP/Debug\libBSP.a(uart.o)
 .comment       0x00000000       0x2b ../../BSP/Debug\libBSP.a(adc.o)
 .comment       0x00000000       0x2b ../../BSP/Debug\libBSP.a(font8x16.o)

.ARM.attributes
                0x00000000       0x32
 .ARM.attributes
                0x00000000       0x32 ./kernelcoop.o
 .ARM.attributes
                0x00000032       0x32 ./proyecto.o
 .ARM.attributes
                0x00000064       0x32 ../../BSP/Debug\libBSP.a(keypad.o)
 .ARM.attributes
                0x00000096       0x32 ../../BSP/Debug\libBSP.a(lcd.o)
 .ARM.attributes
                0x000000c8       0x32 ../../BSP/Debug\libBSP.a(leds.o)
 .ARM.attributes
                0x000000fa       0x32 ../../BSP/Debug\libBSP.a(power.o)
 .ARM.attributes
                0x0000012c       0x32 ../../BSP/Debug\libBSP.a(rtc.o)
 .ARM.attributes
                0x0000015e       0x32 ../../BSP/Debug\libBSP.a(segs.o)
 .ARM.attributes
                0x00000190       0x32 ../../BSP/Debug\libBSP.a(system.o)
 .ARM.attributes
                0x000001c2       0x32 ../../BSP/Debug\libBSP.a(timers.o)
 .ARM.attributes
                0x000001f4       0x32 ../../BSP/Debug\libBSP.a(ts.o)
 .ARM.attributes
                0x00000226       0x32 ../../BSP/Debug\libBSP.a(uart.o)
 .ARM.attributes
                0x00000258       0x32 ../../BSP/Debug\libBSP.a(adc.o)
 .ARM.attributes
                0x0000028a       0x32 ../../BSP/Debug\libBSP.a(font8x16.o)
 .ARM.attributes
                0x000002bc       0x1a c:/eclipsearm/sourcery-g++-lite-arm-2011.03/bin/../lib/gcc/arm-none-eabi/4.5.2\libgcc.a(_udivsi3.o)
 .ARM.attributes
                0x000002d6       0x1a c:/eclipsearm/sourcery-g++-lite-arm-2011.03/bin/../lib/gcc/arm-none-eabi/4.5.2\libgcc.a(_divsi3.o)
 .ARM.attributes
                0x000002f0       0x18 c:/eclipsearm/sourcery-g++-lite-arm-2011.03/bin/../lib/gcc/arm-none-eabi/4.5.2\libgcc.a(_dvmd_tls.o)
 .ARM.attributes
                0x00000308       0x1a c:/eclipsearm/sourcery-g++-lite-arm-2011.03/bin/../lib/gcc/arm-none-eabi/4.5.2\libgcc.a(_aeabi_uldivmod.o)
 .ARM.attributes
                0x00000322       0x34 c:/eclipsearm/sourcery-g++-lite-arm-2011.03/bin/../lib/gcc/arm-none-eabi/4.5.2\libgcc.a(bpabi.o)
 .ARM.attributes
                0x00000356       0x34 c:/eclipsearm/sourcery-g++-lite-arm-2011.03/bin/../lib/gcc/arm-none-eabi/4.5.2\libgcc.a(_divdi3.o)
 .ARM.attributes
                0x0000038a       0x34 c:/eclipsearm/sourcery-g++-lite-arm-2011.03/bin/../lib/gcc/arm-none-eabi/4.5.2\libgcc.a(_udivdi3.o)
 .ARM.attributes
                0x000003be       0x1a c:/eclipsearm/sourcery-g++-lite-arm-2011.03/bin/../lib/gcc/arm-none-eabi/4.5.2\libgcc.a(_clzsi2.o)

.debug_frame    0x00000000     0x1570
 .debug_frame   0x00000000       0xbc ./kernelcoop.o
 .debug_frame   0x000000bc      0x130 ./proyecto.o
 .debug_frame   0x000001ec      0x110 ../../BSP/Debug\libBSP.a(keypad.o)
 .debug_frame   0x000002fc      0x270 ../../BSP/Debug\libBSP.a(lcd.o)
 .debug_frame   0x0000056c       0xb0 ../../BSP/Debug\libBSP.a(leds.o)
 .debug_frame   0x0000061c       0x70 ../../BSP/Debug\libBSP.a(power.o)
 .debug_frame   0x0000068c       0xb0 ../../BSP/Debug\libBSP.a(rtc.o)
 .debug_frame   0x0000073c       0x90 ../../BSP/Debug\libBSP.a(segs.o)
 .debug_frame   0x000007cc      0x714 ../../BSP/Debug\libBSP.a(system.o)
 .debug_frame   0x00000ee0      0x1b8 ../../BSP/Debug\libBSP.a(timers.o)
 .debug_frame   0x00001098      0x1b0 ../../BSP/Debug\libBSP.a(ts.o)
 .debug_frame   0x00001248      0x130 ../../BSP/Debug\libBSP.a(uart.o)
 .debug_frame   0x00001378       0xf0 ../../BSP/Debug\libBSP.a(adc.o)
 .debug_frame   0x00001468       0x20 c:/eclipsearm/sourcery-g++-lite-arm-2011.03/bin/../lib/gcc/arm-none-eabi/4.5.2\libgcc.a(_udivsi3.o)
 .debug_frame   0x00001488       0x20 c:/eclipsearm/sourcery-g++-lite-arm-2011.03/bin/../lib/gcc/arm-none-eabi/4.5.2\libgcc.a(_divsi3.o)
 .debug_frame   0x000014a8       0x50 c:/eclipsearm/sourcery-g++-lite-arm-2011.03/bin/../lib/gcc/arm-none-eabi/4.5.2\libgcc.a(bpabi.o)
 .debug_frame   0x000014f8       0x3c c:/eclipsearm/sourcery-g++-lite-arm-2011.03/bin/../lib/gcc/arm-none-eabi/4.5.2\libgcc.a(_divdi3.o)
 .debug_frame   0x00001534       0x3c c:/eclipsearm/sourcery-g++-lite-arm-2011.03/bin/../lib/gcc/arm-none-eabi/4.5.2\libgcc.a(_udivdi3.o)
